main.c:86:5:main	24	static
main.c:158:6:SystemClock_Config	88	static
main.c:203:13:MX_ADC1_Init	24	static
main.c:253:13:MX_TIM1_Init	96	static
main.c:328:13:MX_TIM3_Init	32	static
main.c:373:13:MX_TIM11_Init	8	static
main.c:404:13:MX_USART2_UART_Init	8	static
main.c:435:13:MX_DMA_Init	16	static
main.c:453:13:MX_GPIO_Init	48	static
main.c:482:6:HAL_ADC_ConvCpltCallback	16	static
main.c:486:6:HAL_TIM_PeriodElapsedCallback	24	static
main.c:492:21:micros	12	static
main.c:501:6:Error_Handler	4	static,ignoring_inline_asm
