main.c:84:5:main	24	static
main.c:168:6:SystemClock_Config	88	static
main.c:213:13:MX_ADC1_Init	24	static
main.c:263:13:MX_TIM1_Init	96	static
main.c:338:13:MX_TIM3_Init	32	static
main.c:383:13:MX_TIM11_Init	8	static
main.c:414:13:MX_USART2_UART_Init	8	static
main.c:445:13:MX_DMA_Init	16	static
main.c:463:13:MX_GPIO_Init	48	static
main.c:492:6:HAL_ADC_ConvCpltCallback	16	static
main.c:496:6:HAL_TIM_PeriodElapsedCallback	24	static
main.c:502:21:micros	12	static
main.c:511:6:Error_Handler	4	static,ignoring_inline_asm
